// Jest Snapshot v1, https://goo.gl/fbAQLP

exports[`xml serializing writes namespace declarations only once when a prefix is defined on an attribute 1`] = `
"<root>
            
  <child xmlns:foo="bar" foo:attr="value"/>
        
</root>
<!-- # sourceMappingURL=out.xml.map -->"
`;
